<?xml version="1.0" encoding="ISO-8859-1" ?>
<link_info>
   <banner>TI ARM Linker PC v18.1.1.LTS</banner>
   <copyright>Copyright (c) 1996-2017 Texas Instruments Incorporated</copyright>
   <link_time>0x5b3bd4b7</link_time>
   <link_errors>0x0</link_errors>
   <output_file>Sound_Visualizer.out</output_file>
   <entry_point>
      <name>_c_int00_noargs</name>
      <address>0xcb5</address>
   </entry_point>
   <input_file_list>
      <input_file id="fl-2">
         <path>.\</path>
         <kind>object</kind>
         <file>ADC.obj</file>
         <name>ADC.obj</name>
      </input_file>
      <input_file id="fl-3">
         <path>.\</path>
         <kind>object</kind>
         <file>Common.obj</file>
         <name>Common.obj</name>
      </input_file>
      <input_file id="fl-4">
         <path>.\</path>
         <kind>object</kind>
         <file>Display.obj</file>
         <name>Display.obj</name>
      </input_file>
      <input_file id="fl-5">
         <path>.\</path>
         <kind>object</kind>
         <file>main.obj</file>
         <name>main.obj</name>
      </input_file>
      <input_file id="fl-6">
         <path>.\</path>
         <kind>object</kind>
         <file>startup_msp432p401r_ccs.obj</file>
         <name>startup_msp432p401r_ccs.obj</name>
      </input_file>
      <input_file id="fl-7">
         <path>.\</path>
         <kind>object</kind>
         <file>system_msp432p401r.obj</file>
         <name>system_msp432p401r.obj</name>
      </input_file>
      <input_file id="fl-c">
         <kind>object</kind>
         <file>&lt;internal&gt;</file>
         <name>&lt;internal&gt;</name>
      </input_file>
      <input_file id="fl-d">
         <path>C:\ti\ccs613\MSP432Ware_3_50_00_02\driverlib\driverlib\MSP432P4xx\ccs\</path>
         <kind>archive</kind>
         <file>msp432p4xx_driverlib.lib</file>
         <name>adc14.o</name>
      </input_file>
      <input_file id="fl-e">
         <path>C:\ti\ccs613\MSP432Ware_3_50_00_02\driverlib\driverlib\MSP432P4xx\ccs\</path>
         <kind>archive</kind>
         <file>msp432p4xx_driverlib.lib</file>
         <name>cs.o</name>
      </input_file>
      <input_file id="fl-f">
         <path>C:\ti\ccs613\MSP432Ware_3_50_00_02\driverlib\driverlib\MSP432P4xx\ccs\</path>
         <kind>archive</kind>
         <file>msp432p4xx_driverlib.lib</file>
         <name>interrupt.o</name>
      </input_file>
      <input_file id="fl-10">
         <path>C:\ti\ccs613\MSP432Ware_3_50_00_02\driverlib\driverlib\MSP432P4xx\ccs\</path>
         <kind>archive</kind>
         <file>msp432p4xx_driverlib.lib</file>
         <name>sysctl.o</name>
      </input_file>
      <input_file id="fl-11">
         <path>C:\ti\ccs613\MSP432Ware_3_50_00_02\driverlib\driverlib\MSP432P4xx\ccs\</path>
         <kind>archive</kind>
         <file>msp432p4xx_driverlib.lib</file>
         <name>cpu.o</name>
      </input_file>
      <input_file id="fl-c7">
         <path>C:\ti\ccsv8\tools\compiler\ti-cgt-arm_18.1.1.LTS\lib\</path>
         <kind>archive</kind>
         <file>rtsv7M4_T_le_v4SPD16_eabi.lib</file>
         <name>fd_div_t2.asm.obj</name>
      </input_file>
      <input_file id="fl-c8">
         <path>C:\ti\ccsv8\tools\compiler\ti-cgt-arm_18.1.1.LTS\lib\</path>
         <kind>archive</kind>
         <file>rtsv7M4_T_le_v4SPD16_eabi.lib</file>
         <name>fd_mul_t2.asm.obj</name>
      </input_file>
      <input_file id="fl-c9">
         <path>C:\ti\ccsv8\tools\compiler\ti-cgt-arm_18.1.1.LTS\lib\</path>
         <kind>archive</kind>
         <file>rtsv7M4_T_le_v4SPD16_eabi.lib</file>
         <name>fd_tos_t2.asm.obj</name>
      </input_file>
      <input_file id="fl-ca">
         <path>C:\ti\ccsv8\tools\compiler\ti-cgt-arm_18.1.1.LTS\lib\</path>
         <kind>archive</kind>
         <file>rtsv7M4_T_le_v4SPD16_eabi.lib</file>
         <name>u_tofd_t2.asm.obj</name>
      </input_file>
      <input_file id="fl-cb">
         <path>C:\ti\ccsv8\tools\compiler\ti-cgt-arm_18.1.1.LTS\lib\</path>
         <kind>archive</kind>
         <file>rtsv7M4_T_le_v4SPD16_eabi.lib</file>
         <name>copy_zero_init.c.obj</name>
      </input_file>
      <input_file id="fl-cc">
         <path>C:\ti\ccsv8\tools\compiler\ti-cgt-arm_18.1.1.LTS\lib\</path>
         <kind>archive</kind>
         <file>rtsv7M4_T_le_v4SPD16_eabi.lib</file>
         <name>copy_decompress_none.c.obj</name>
      </input_file>
      <input_file id="fl-cd">
         <path>C:\ti\ccsv8\tools\compiler\ti-cgt-arm_18.1.1.LTS\lib\</path>
         <kind>archive</kind>
         <file>rtsv7M4_T_le_v4SPD16_eabi.lib</file>
         <name>copy_decompress_lzss.c.obj</name>
      </input_file>
      <input_file id="fl-ce">
         <path>C:\ti\ccsv8\tools\compiler\ti-cgt-arm_18.1.1.LTS\lib\</path>
         <kind>archive</kind>
         <file>rtsv7M4_T_le_v4SPD16_eabi.lib</file>
         <name>boot_cortex_m.c.obj</name>
      </input_file>
      <input_file id="fl-cf">
         <path>C:\ti\ccsv8\tools\compiler\ti-cgt-arm_18.1.1.LTS\lib\</path>
         <kind>archive</kind>
         <file>rtsv7M4_T_le_v4SPD16_eabi.lib</file>
         <name>exit.c.obj</name>
      </input_file>
      <input_file id="fl-d0">
         <path>C:\ti\ccsv8\tools\compiler\ti-cgt-arm_18.1.1.LTS\lib\</path>
         <kind>archive</kind>
         <file>rtsv7M4_T_le_v4SPD16_eabi.lib</file>
         <name>_lock.c.obj</name>
      </input_file>
      <input_file id="fl-d1">
         <path>C:\ti\ccsv8\tools\compiler\ti-cgt-arm_18.1.1.LTS\lib\</path>
         <kind>archive</kind>
         <file>rtsv7M4_T_le_v4SPD16_eabi.lib</file>
         <name>args_main.c.obj</name>
      </input_file>
      <input_file id="fl-d2">
         <path>C:\ti\ccsv8\tools\compiler\ti-cgt-arm_18.1.1.LTS\lib\</path>
         <kind>archive</kind>
         <file>rtsv7M4_T_le_v4SPD16_eabi.lib</file>
         <name>memcpy_t2.asm.obj</name>
      </input_file>
      <input_file id="fl-d3">
         <path>C:\ti\ccsv8\tools\compiler\ti-cgt-arm_18.1.1.LTS\lib\</path>
         <kind>archive</kind>
         <file>rtsv7M4_T_le_v4SPD16_eabi.lib</file>
         <name>memset_t2.asm.obj</name>
      </input_file>
      <input_file id="fl-d4">
         <path>C:\ti\ccsv8\tools\compiler\ti-cgt-arm_18.1.1.LTS\lib\</path>
         <kind>archive</kind>
         <file>rtsv7M4_T_le_v4SPD16_eabi.lib</file>
         <name>autoinit.c.obj</name>
      </input_file>
      <input_file id="fl-d5">
         <path>C:\ti\ccsv8\tools\compiler\ti-cgt-arm_18.1.1.LTS\lib\</path>
         <kind>archive</kind>
         <file>rtsv7M4_T_le_v4SPD16_eabi.lib</file>
         <name>pre_init.c.obj</name>
      </input_file>
      <input_file id="fl-d6">
         <path>C:\ti\ccsv8\tools\compiler\ti-cgt-arm_18.1.1.LTS\lib\</path>
         <kind>archive</kind>
         <file>rtsv7M4_T_le_v4SPD16_eabi.lib</file>
         <name>cpy_tbl.c.obj</name>
      </input_file>
   </input_file_list>
   <object_component_list>
      <object_component id="oc-1f">
         <name>.intvecs:retain</name>
         <load_address>0x0</load_address>
         <run_address>0x0</run_address>
         <size>0x140</size>
         <input_file_ref idref="fl-6"/>
      </object_component>
      <object_component id="oc-c2">
         <name>.text</name>
         <load_address>0x140</load_address>
         <run_address>0x140</run_address>
         <size>0x4cc</size>
         <input_file_ref idref="fl-4"/>
      </object_component>
      <object_component id="oc-9e">
         <name>.text</name>
         <load_address>0x60c</load_address>
         <run_address>0x60c</run_address>
         <size>0x328</size>
         <input_file_ref idref="fl-7"/>
      </object_component>
      <object_component id="oc-bc">
         <name>.text</name>
         <load_address>0x934</load_address>
         <run_address>0x934</run_address>
         <size>0xd0</size>
         <input_file_ref idref="fl-3"/>
      </object_component>
      <object_component id="oc-176">
         <name>.text:CS_startHFXTWithTimeout</name>
         <load_address>0xa04</load_address>
         <run_address>0xa04</run_address>
         <size>0x9c</size>
         <input_file_ref idref="fl-e"/>
      </object_component>
      <object_component id="oc-30">
         <name>.text</name>
         <load_address>0xaa0</load_address>
         <run_address>0xaa0</run_address>
         <size>0x9c</size>
         <input_file_ref idref="fl-d2"/>
      </object_component>
      <object_component id="oc-1cb">
         <name>.text:_CSGetHFXTFrequency</name>
         <load_address>0xb3c</load_address>
         <run_address>0xb3c</run_address>
         <size>0x70</size>
         <input_file_ref idref="fl-e"/>
      </object_component>
      <object_component id="oc-10">
         <name>.text:decompress:lzss:__TI_decompress_lzss</name>
         <load_address>0xbac</load_address>
         <run_address>0xbac</run_address>
         <size>0x68</size>
         <input_file_ref idref="fl-cd"/>
      </object_component>
      <object_component id="oc-8c">
         <name>.text</name>
         <load_address>0xc14</load_address>
         <run_address>0xc14</run_address>
         <size>0x5c</size>
         <input_file_ref idref="fl-5"/>
      </object_component>
      <object_component id="oc-da">
         <name>.text:__TI_auto_init_nobinit_nopinit:__TI_auto_init_nobinit_nopinit</name>
         <load_address>0xc70</load_address>
         <run_address>0xc70</run_address>
         <size>0x44</size>
         <input_file_ref idref="fl-d4"/>
      </object_component>
      <object_component id="oc-4e">
         <name>.text:_c_int00_noargs:_c_int00_noargs</name>
         <load_address>0xcb4</load_address>
         <run_address>0xcb4</run_address>
         <size>0x38</size>
         <input_file_ref idref="fl-ce"/>
      </object_component>
      <object_component id="oc-11c">
         <name>.text:CS_setExternalClockSourceFrequency</name>
         <load_address>0xcec</load_address>
         <run_address>0xcec</run_address>
         <size>0x14</size>
         <input_file_ref idref="fl-e"/>
      </object_component>
      <object_component id="oc-3c">
         <name>.text:decompress:ZI:__TI_zero_init_nomemset:__TI_zero_init_nomemset</name>
         <load_address>0xd00</load_address>
         <run_address>0xd00</run_address>
         <size>0x12</size>
         <input_file_ref idref="fl-cb"/>
      </object_component>
      <object_component id="oc-60">
         <name>.text</name>
         <load_address>0xd12</load_address>
         <run_address>0xd12</run_address>
         <size>0x12</size>
         <input_file_ref idref="fl-6"/>
      </object_component>
      <object_component id="oc-1c5">
         <name>.text:SysCtl_disableNMISource</name>
         <load_address>0xd24</load_address>
         <run_address>0xd24</run_address>
         <size>0x10</size>
         <input_file_ref idref="fl-10"/>
      </object_component>
      <object_component id="oc-1d1">
         <name>.text:SysCtl_enableNMISource</name>
         <load_address>0xd34</load_address>
         <run_address>0xd34</run_address>
         <size>0x10</size>
         <input_file_ref idref="fl-10"/>
      </object_component>
      <object_component id="oc-16">
         <name>.text:decompress:none:__TI_decompress_none</name>
         <load_address>0xd44</load_address>
         <run_address>0xd44</run_address>
         <size>0xe</size>
         <input_file_ref idref="fl-cc"/>
      </object_component>
      <object_component id="oc-1bf">
         <name>.text:SysCtl_getNMISourceStatus</name>
         <load_address>0xd54</load_address>
         <run_address>0xd54</run_address>
         <size>0xc</size>
         <input_file_ref idref="fl-10"/>
      </object_component>
      <object_component id="oc-122">
         <name>.text:CS_startHFXT</name>
         <load_address>0xd60</load_address>
         <run_address>0xd60</run_address>
         <size>0x6</size>
         <input_file_ref idref="fl-e"/>
      </object_component>
      <object_component id="oc-86">
         <name>.text:_system_pre_init</name>
         <load_address>0xd66</load_address>
         <run_address>0xd66</run_address>
         <size>0x4</size>
         <input_file_ref idref="fl-d5"/>
      </object_component>
      <object_component id="oc-ce">
         <name>.text:abort:abort</name>
         <load_address>0xd6a</load_address>
         <run_address>0xd6a</run_address>
         <size>0x4</size>
         <input_file_ref idref="fl-cf"/>
      </object_component>
      <object_component id="oc-12d">
         <name>.const:.string:Rcmd1</name>
         <load_address>0xd70</load_address>
         <run_address>0xd70</run_address>
         <size>0x3b</size>
         <input_file_ref idref="fl-4"/>
      </object_component>
      <object_component id="oc-133">
         <name>.const:.string:Rcmd3</name>
         <load_address>0xdab</load_address>
         <run_address>0xdab</run_address>
         <size>0x2b</size>
         <input_file_ref idref="fl-4"/>
      </object_component>
      <object_component id="oc-12a">
         <name>.const:spiMasterConfig</name>
         <load_address>0xdd8</load_address>
         <run_address>0xdd8</run_address>
         <size>0x1c</size>
         <input_file_ref idref="fl-4"/>
      </object_component>
      <object_component id="oc-130">
         <name>.const:.string:Rcmd2</name>
         <load_address>0xdf4</load_address>
         <run_address>0xdf4</run_address>
         <size>0xd</size>
         <input_file_ref idref="fl-4"/>
      </object_component>
      <object_component id="oc-220">
         <name>.cinit..data.load</name>
         <load_address>0xe08</load_address>
         <run_address>0xe08</run_address>
         <size>0xd</size>
      </object_component>
      <object_component id="oc-21e">
         <name>__TI_handler_table</name>
         <load_address>0xe18</load_address>
         <run_address>0xe18</run_address>
         <size>0xc</size>
      </object_component>
      <object_component id="oc-221">
         <name>.cinit..bss.load</name>
         <load_address>0xe28</load_address>
         <run_address>0xe28</run_address>
         <size>0x8</size>
      </object_component>
      <object_component id="oc-21f">
         <name>__TI_cinit_table</name>
         <load_address>0xe30</load_address>
         <run_address>0xe30</run_address>
         <size>0x10</size>
      </object_component>
      <object_component id="oc-136">
         <name>.data</name>
         <load_address>0x2000000c</load_address>
         <run_address>0x2000000c</run_address>
         <size>0x4</size>
         <input_file_ref idref="fl-4"/>
      </object_component>
      <object_component id="oc-10c">
         <name>.data</name>
         <load_address>0x20000010</load_address>
         <run_address>0x20000010</run_address>
         <size>0x4</size>
         <input_file_ref idref="fl-7"/>
      </object_component>
      <object_component id="oc-139">
         <name>.bss</name>
         <uninitialized>true</uninitialized>
         <run_address>0x20000008</run_address>
         <size>0x1</size>
         <input_file_ref idref="fl-4"/>
      </object_component>
      <object_component id="oc-16f">
         <name>.common:hfxtFreq</name>
         <uninitialized>true</uninitialized>
         <run_address>0x20000000</run_address>
         <size>0x4</size>
      </object_component>
      <object_component id="oc-16c">
         <name>.common:lfxtFreq</name>
         <uninitialized>true</uninitialized>
         <run_address>0x20000004</run_address>
         <size>0x4</size>
      </object_component>
      <object_component id="oc-22">
         <name>.stack</name>
         <uninitialized>true</uninitialized>
         <run_address>0x2000fe00</run_address>
         <size>0x4</size>
         <input_file_ref idref="fl-ce"/>
      </object_component>
      <object_component id="oc-222">
         <name>.stack</name>
         <uninitialized>true</uninitialized>
         <run_address>0x2000fe00</run_address>
         <size>0x0</size>
      </object_component>
      <object_component id="oc-11a">
         <name>.debug_info</name>
         <load_address>0x0</load_address>
         <run_address>0x0</run_address>
         <size>0x5a0</size>
         <input_file_ref idref="fl-2"/>
      </object_component>
      <object_component id="oc-a7">
         <name>.debug_info</name>
         <load_address>0x5a0</load_address>
         <run_address>0x5a0</run_address>
         <size>0x26b</size>
         <input_file_ref idref="fl-2"/>
      </object_component>
      <object_component id="oc-167">
         <name>.debug_info</name>
         <load_address>0x80b</load_address>
         <run_address>0x80b</run_address>
         <size>0x1055</size>
         <input_file_ref idref="fl-2"/>
      </object_component>
      <object_component id="oc-162">
         <name>.debug_info</name>
         <load_address>0x1860</load_address>
         <run_address>0x1860</run_address>
         <size>0x37e2</size>
         <input_file_ref idref="fl-2"/>
      </object_component>
      <object_component id="oc-c9">
         <name>.debug_info</name>
         <load_address>0x5042</load_address>
         <run_address>0x5042</run_address>
         <size>0x8b</size>
         <input_file_ref idref="fl-2"/>
      </object_component>
      <object_component id="oc-115">
         <name>.debug_info</name>
         <load_address>0x50cd</load_address>
         <run_address>0x50cd</run_address>
         <size>0x297</size>
         <input_file_ref idref="fl-2"/>
      </object_component>
      <object_component id="oc-1d8">
         <name>.debug_info</name>
         <load_address>0x5364</load_address>
         <run_address>0x5364</run_address>
         <size>0xef</size>
         <input_file_ref idref="fl-2"/>
      </object_component>
      <object_component id="oc-110">
         <name>.debug_info</name>
         <load_address>0x5453</load_address>
         <run_address>0x5453</run_address>
         <size>0xbb</size>
         <input_file_ref idref="fl-2"/>
      </object_component>
      <object_component id="oc-18d">
         <name>.debug_info</name>
         <load_address>0x550e</load_address>
         <run_address>0x550e</run_address>
         <size>0x131</size>
         <input_file_ref idref="fl-2"/>
      </object_component>
      <object_component id="oc-129">
         <name>.debug_info</name>
         <load_address>0x563f</load_address>
         <run_address>0x563f</run_address>
         <size>0x5c1</size>
         <input_file_ref idref="fl-3"/>
      </object_component>
      <object_component id="oc-bd">
         <name>.debug_info</name>
         <load_address>0x5c00</load_address>
         <run_address>0x5c00</run_address>
         <size>0x236</size>
         <input_file_ref idref="fl-3"/>
      </object_component>
      <object_component id="oc-13d">
         <name>.debug_info</name>
         <load_address>0x5e36</load_address>
         <run_address>0x5e36</run_address>
         <size>0x59e</size>
         <input_file_ref idref="fl-4"/>
      </object_component>
      <object_component id="oc-12e">
         <name>.debug_info</name>
         <load_address>0x63d4</load_address>
         <run_address>0x63d4</run_address>
         <size>0xcb</size>
         <input_file_ref idref="fl-4"/>
      </object_component>
      <object_component id="oc-131">
         <name>.debug_info</name>
         <load_address>0x649f</load_address>
         <run_address>0x649f</run_address>
         <size>0xcb</size>
         <input_file_ref idref="fl-4"/>
      </object_component>
      <object_component id="oc-134">
         <name>.debug_info</name>
         <load_address>0x656a</load_address>
         <run_address>0x656a</run_address>
         <size>0xcb</size>
         <input_file_ref idref="fl-4"/>
      </object_component>
      <object_component id="oc-13a">
         <name>.debug_info</name>
         <load_address>0x6635</load_address>
         <run_address>0x6635</run_address>
         <size>0xd1</size>
         <input_file_ref idref="fl-4"/>
      </object_component>
      <object_component id="oc-137">
         <name>.debug_info</name>
         <load_address>0x6706</load_address>
         <run_address>0x6706</run_address>
         <size>0xeb</size>
         <input_file_ref idref="fl-4"/>
      </object_component>
      <object_component id="oc-12b">
         <name>.debug_info</name>
         <load_address>0x67f1</load_address>
         <run_address>0x67f1</run_address>
         <size>0xe0</size>
         <input_file_ref idref="fl-4"/>
      </object_component>
      <object_component id="oc-c3">
         <name>.debug_info</name>
         <load_address>0x68d1</load_address>
         <run_address>0x68d1</run_address>
         <size>0xaf5</size>
         <input_file_ref idref="fl-4"/>
      </object_component>
      <object_component id="oc-8e">
         <name>.debug_info</name>
         <load_address>0x73c6</load_address>
         <run_address>0x73c6</run_address>
         <size>0x19d</size>
         <input_file_ref idref="fl-5"/>
      </object_component>
      <object_component id="oc-68">
         <name>.debug_info</name>
         <load_address>0x7563</load_address>
         <run_address>0x7563</run_address>
         <size>0x2c7</size>
         <input_file_ref idref="fl-6"/>
      </object_component>
      <object_component id="oc-20">
         <name>.debug_info</name>
         <load_address>0x782a</load_address>
         <run_address>0x782a</run_address>
         <size>0xf2</size>
         <input_file_ref idref="fl-6"/>
      </object_component>
      <object_component id="oc-63">
         <name>.debug_info</name>
         <load_address>0x791c</load_address>
         <run_address>0x791c</run_address>
         <size>0x259</size>
         <input_file_ref idref="fl-6"/>
      </object_component>
      <object_component id="oc-2b">
         <name>.debug_info</name>
         <load_address>0x7b75</load_address>
         <run_address>0x7b75</run_address>
         <size>0x84</size>
         <input_file_ref idref="fl-6"/>
      </object_component>
      <object_component id="oc-10d">
         <name>.debug_info</name>
         <load_address>0x7bf9</load_address>
         <run_address>0x7bf9</run_address>
         <size>0xeb</size>
         <input_file_ref idref="fl-7"/>
      </object_component>
      <object_component id="oc-9f">
         <name>.debug_info</name>
         <load_address>0x7ce4</load_address>
         <run_address>0x7ce4</run_address>
         <size>0x25d</size>
         <input_file_ref idref="fl-7"/>
      </object_component>
      <object_component id="oc-1ec">
         <name>.debug_info</name>
         <load_address>0x7f41</load_address>
         <run_address>0x7f41</run_address>
         <size>0x4b3</size>
         <input_file_ref idref="fl-d"/>
      </object_component>
      <object_component id="oc-1ba">
         <name>.debug_info</name>
         <load_address>0x83f4</load_address>
         <run_address>0x83f4</run_address>
         <size>0x103e</size>
         <input_file_ref idref="fl-d"/>
      </object_component>
      <object_component id="oc-171">
         <name>.debug_info</name>
         <load_address>0x9432</load_address>
         <run_address>0x9432</run_address>
         <size>0x18b</size>
         <input_file_ref idref="fl-d"/>
      </object_component>
      <object_component id="oc-16d">
         <name>.debug_info</name>
         <load_address>0x95bd</load_address>
         <run_address>0x95bd</run_address>
         <size>0x5ef</size>
         <input_file_ref idref="fl-e"/>
      </object_component>
      <object_component id="oc-1cd">
         <name>.debug_info</name>
         <load_address>0x9bac</load_address>
         <run_address>0x9bac</run_address>
         <size>0xfc</size>
         <input_file_ref idref="fl-e"/>
      </object_component>
      <object_component id="oc-178">
         <name>.debug_info</name>
         <load_address>0x9ca8</load_address>
         <run_address>0x9ca8</run_address>
         <size>0x23c</size>
         <input_file_ref idref="fl-e"/>
      </object_component>
      <object_component id="oc-124">
         <name>.debug_info</name>
         <load_address>0x9ee4</load_address>
         <run_address>0x9ee4</run_address>
         <size>0x122</size>
         <input_file_ref idref="fl-e"/>
      </object_component>
      <object_component id="oc-11e">
         <name>.debug_info</name>
         <load_address>0xa006</load_address>
         <run_address>0xa006</run_address>
         <size>0x1dd</size>
         <input_file_ref idref="fl-e"/>
      </object_component>
      <object_component id="oc-1b5">
         <name>.debug_info</name>
         <load_address>0xa1e3</load_address>
         <run_address>0xa1e3</run_address>
         <size>0x1b5</size>
         <input_file_ref idref="fl-e"/>
      </object_component>
      <object_component id="oc-1ef">
         <name>.debug_info</name>
         <load_address>0xa398</load_address>
         <run_address>0xa398</run_address>
         <size>0x379</size>
         <input_file_ref idref="fl-10"/>
      </object_component>
      <object_component id="oc-1c0">
         <name>.debug_info</name>
         <load_address>0xa711</load_address>
         <run_address>0xa711</run_address>
         <size>0x10f</size>
         <input_file_ref idref="fl-10"/>
      </object_component>
      <object_component id="oc-1d2">
         <name>.debug_info</name>
         <load_address>0xa820</load_address>
         <run_address>0xa820</run_address>
         <size>0x12b</size>
         <input_file_ref idref="fl-10"/>
      </object_component>
      <object_component id="oc-1c7">
         <name>.debug_info</name>
         <load_address>0xa94b</load_address>
         <run_address>0xa94b</run_address>
         <size>0x12d</size>
         <input_file_ref idref="fl-10"/>
      </object_component>
      <object_component id="oc-7f">
         <name>.debug_info</name>
         <load_address>0xaa78</load_address>
         <run_address>0xaa78</run_address>
         <size>0x313</size>
         <input_file_ref idref="fl-cb"/>
      </object_component>
      <object_component id="oc-3f">
         <name>.debug_info</name>
         <load_address>0xad8b</load_address>
         <run_address>0xad8b</run_address>
         <size>0x1b4</size>
         <input_file_ref idref="fl-cb"/>
      </object_component>
      <object_component id="oc-7a">
         <name>.debug_info</name>
         <load_address>0xaf3f</load_address>
         <run_address>0xaf3f</run_address>
         <size>0x46</size>
         <input_file_ref idref="fl-cb"/>
      </object_component>
      <object_component id="oc-b3">
         <name>.debug_info</name>
         <load_address>0xaf85</load_address>
         <run_address>0xaf85</run_address>
         <size>0x2c</size>
         <input_file_ref idref="fl-cb"/>
      </object_component>
      <object_component id="oc-3b">
         <name>.debug_info</name>
         <load_address>0xafb1</load_address>
         <run_address>0xafb1</run_address>
         <size>0x29d</size>
         <input_file_ref idref="fl-cc"/>
      </object_component>
      <object_component id="oc-17">
         <name>.debug_info</name>
         <load_address>0xb24e</load_address>
         <run_address>0xb24e</run_address>
         <size>0x1df</size>
         <input_file_ref idref="fl-cc"/>
      </object_component>
      <object_component id="oc-36">
         <name>.debug_info</name>
         <load_address>0xb42d</load_address>
         <run_address>0xb42d</run_address>
         <size>0x46</size>
         <input_file_ref idref="fl-cc"/>
      </object_component>
      <object_component id="oc-72">
         <name>.debug_info</name>
         <load_address>0xb473</load_address>
         <run_address>0xb473</run_address>
         <size>0x2c</size>
         <input_file_ref idref="fl-cc"/>
      </object_component>
      <object_component id="oc-70">
         <name>.debug_info</name>
         <load_address>0xb49f</load_address>
         <run_address>0xb49f</run_address>
         <size>0x293</size>
         <input_file_ref idref="fl-cd"/>
      </object_component>
      <object_component id="oc-13">
         <name>.debug_info</name>
         <load_address>0xb732</load_address>
         <run_address>0xb732</run_address>
         <size>0x245</size>
         <input_file_ref idref="fl-cd"/>
      </object_component>
      <object_component id="oc-26">
         <name>.debug_info</name>
         <load_address>0xb977</load_address>
         <run_address>0xb977</run_address>
         <size>0x60</size>
         <input_file_ref idref="fl-cd"/>
      </object_component>
      <object_component id="oc-ac">
         <name>.debug_info</name>
         <load_address>0xb9d7</load_address>
         <run_address>0xb9d7</run_address>
         <size>0x46</size>
         <input_file_ref idref="fl-cd"/>
      </object_component>
      <object_component id="oc-6b">
         <name>.debug_info</name>
         <load_address>0xba1d</load_address>
         <run_address>0xba1d</run_address>
         <size>0x39</size>
         <input_file_ref idref="fl-cd"/>
      </object_component>
      <object_component id="oc-23">
         <name>.debug_info</name>
         <load_address>0xba56</load_address>
         <run_address>0xba56</run_address>
         <size>0x100</size>
         <input_file_ref idref="fl-ce"/>
      </object_component>
      <object_component id="oc-51">
         <name>.debug_info</name>
         <load_address>0xbb56</load_address>
         <run_address>0xbb56</run_address>
         <size>0x1a4</size>
         <input_file_ref idref="fl-ce"/>
      </object_component>
      <object_component id="oc-d1">
         <name>.debug_info</name>
         <load_address>0xbcfa</load_address>
         <run_address>0xbcfa</run_address>
         <size>0x117</size>
         <input_file_ref idref="fl-cf"/>
      </object_component>
      <object_component id="oc-33">
         <name>.debug_info</name>
         <load_address>0xbe11</load_address>
         <run_address>0xbe11</run_address>
         <size>0x111</size>
         <input_file_ref idref="fl-d2"/>
      </object_component>
      <object_component id="oc-149">
         <name>.debug_info</name>
         <load_address>0xbf22</load_address>
         <run_address>0xbf22</run_address>
         <size>0x547</size>
         <input_file_ref idref="fl-d4"/>
      </object_component>
      <object_component id="oc-db">
         <name>.debug_info</name>
         <load_address>0xc469</load_address>
         <run_address>0xc469</run_address>
         <size>0x19b</size>
         <input_file_ref idref="fl-d4"/>
      </object_component>
      <object_component id="oc-1a2">
         <name>.debug_info</name>
         <load_address>0xc604</load_address>
         <run_address>0xc604</run_address>
         <size>0x39</size>
         <input_file_ref idref="fl-d4"/>
      </object_component>
      <object_component id="oc-1e0">
         <name>.debug_info</name>
         <load_address>0xc63d</load_address>
         <run_address>0xc63d</run_address>
         <size>0x39</size>
         <input_file_ref idref="fl-d4"/>
      </object_component>
      <object_component id="oc-1a7">
         <name>.debug_info</name>
         <load_address>0xc676</load_address>
         <run_address>0xc676</run_address>
         <size>0x39</size>
         <input_file_ref idref="fl-d4"/>
      </object_component>
      <object_component id="oc-1ac">
         <name>.debug_info</name>
         <load_address>0xc6af</load_address>
         <run_address>0xc6af</run_address>
         <size>0xcd</size>
         <input_file_ref idref="fl-d4"/>
      </object_component>
      <object_component id="oc-87">
         <name>.debug_info</name>
         <load_address>0xc77c</load_address>
         <run_address>0xc77c</run_address>
         <size>0x148</size>
         <input_file_ref idref="fl-d5"/>
      </object_component>
      <object_component id="oc-223">
         <name>.debug_info</name>
         <load_address>0xc8c4</load_address>
         <run_address>0xc8c4</run_address>
         <size>0xa1</size>
      </object_component>
      <object_component id="oc-161">
         <name>.debug_line</name>
         <load_address>0x0</load_address>
         <run_address>0x0</run_address>
         <size>0x79</size>
         <input_file_ref idref="fl-2"/>
      </object_component>
      <object_component id="oc-aa">
         <name>.debug_line</name>
         <load_address>0x79</load_address>
         <run_address>0x79</run_address>
         <size>0x69</size>
         <input_file_ref idref="fl-2"/>
      </object_component>
      <object_component id="oc-16a">
         <name>.debug_line</name>
         <load_address>0xe2</load_address>
         <run_address>0xe2</run_address>
         <size>0x55</size>
         <input_file_ref idref="fl-2"/>
      </object_component>
      <object_component id="oc-165">
         <name>.debug_line</name>
         <load_address>0x137</load_address>
         <run_address>0x137</run_address>
         <size>0x52</size>
         <input_file_ref idref="fl-2"/>
      </object_component>
      <object_component id="oc-cc">
         <name>.debug_line</name>
         <load_address>0x189</load_address>
         <run_address>0x189</run_address>
         <size>0x20</size>
         <input_file_ref idref="fl-2"/>
      </object_component>
      <object_component id="oc-118">
         <name>.debug_line</name>
         <load_address>0x1a9</load_address>
         <run_address>0x1a9</run_address>
         <size>0x6d</size>
         <input_file_ref idref="fl-2"/>
      </object_component>
      <object_component id="oc-1db">
         <name>.debug_line</name>
         <load_address>0x216</load_address>
         <run_address>0x216</run_address>
         <size>0x69</size>
         <input_file_ref idref="fl-2"/>
      </object_component>
      <object_component id="oc-113">
         <name>.debug_line</name>
         <load_address>0x27f</load_address>
         <run_address>0x27f</run_address>
         <size>0x6a</size>
         <input_file_ref idref="fl-2"/>
      </object_component>
      <object_component id="oc-190">
         <name>.debug_line</name>
         <load_address>0x2e9</load_address>
         <run_address>0x2e9</run_address>
         <size>0x6b</size>
         <input_file_ref idref="fl-2"/>
      </object_component>
      <object_component id="oc-17e">
         <name>.debug_line</name>
         <load_address>0x354</load_address>
         <run_address>0x354</run_address>
         <size>0x6a</size>
         <input_file_ref idref="fl-3"/>
      </object_component>
      <object_component id="oc-c0">
         <name>.debug_line</name>
         <load_address>0x3be</load_address>
         <run_address>0x3be</run_address>
         <size>0x7b</size>
         <input_file_ref idref="fl-3"/>
      </object_component>
      <object_component id="oc-18c">
         <name>.debug_line</name>
         <load_address>0x439</load_address>
         <run_address>0x439</run_address>
         <size>0x2f</size>
         <input_file_ref idref="fl-4"/>
      </object_component>
      <object_component id="oc-182">
         <name>.debug_line</name>
         <load_address>0x468</load_address>
         <run_address>0x468</run_address>
         <size>0x30</size>
         <input_file_ref idref="fl-4"/>
      </object_component>
      <object_component id="oc-184">
         <name>.debug_line</name>
         <load_address>0x498</load_address>
         <run_address>0x498</run_address>
         <size>0x30</size>
         <input_file_ref idref="fl-4"/>
      </object_component>
      <object_component id="oc-186">
         <name>.debug_line</name>
         <load_address>0x4c8</load_address>
         <run_address>0x4c8</run_address>
         <size>0x30</size>
         <input_file_ref idref="fl-4"/>
      </object_component>
      <object_component id="oc-18a">
         <name>.debug_line</name>
         <load_address>0x4f8</load_address>
         <run_address>0x4f8</run_address>
         <size>0x30</size>
         <input_file_ref idref="fl-4"/>
      </object_component>
      <object_component id="oc-188">
         <name>.debug_line</name>
         <load_address>0x528</load_address>
         <run_address>0x528</run_address>
         <size>0x30</size>
         <input_file_ref idref="fl-4"/>
      </object_component>
      <object_component id="oc-180">
         <name>.debug_line</name>
         <load_address>0x558</load_address>
         <run_address>0x558</run_address>
         <size>0x30</size>
         <input_file_ref idref="fl-4"/>
      </object_component>
      <object_component id="oc-c7">
         <name>.debug_line</name>
         <load_address>0x588</load_address>
         <run_address>0x588</run_address>
         <size>0x21d</size>
         <input_file_ref idref="fl-4"/>
      </object_component>
      <object_component id="oc-8d">
         <name>.debug_line</name>
         <load_address>0x7a5</load_address>
         <run_address>0x7a5</run_address>
         <size>0x4b</size>
         <input_file_ref idref="fl-5"/>
      </object_component>
      <object_component id="oc-a6">
         <name>.debug_line</name>
         <load_address>0x7f0</load_address>
         <run_address>0x7f0</run_address>
         <size>0x40</size>
         <input_file_ref idref="fl-6"/>
      </object_component>
      <object_component id="oc-67">
         <name>.debug_line</name>
         <load_address>0x830</load_address>
         <run_address>0x830</run_address>
         <size>0x40</size>
         <input_file_ref idref="fl-6"/>
      </object_component>
      <object_component id="oc-61">
         <name>.debug_line</name>
         <load_address>0x870</load_address>
         <run_address>0x870</run_address>
         <size>0xa1</size>
         <input_file_ref idref="fl-6"/>
      </object_component>
      <object_component id="oc-2e">
         <name>.debug_line</name>
         <load_address>0x911</load_address>
         <run_address>0x911</run_address>
         <size>0x20</size>
         <input_file_ref idref="fl-6"/>
      </object_component>
      <object_component id="oc-15f">
         <name>.debug_line</name>
         <load_address>0x931</load_address>
         <run_address>0x931</run_address>
         <size>0x3b</size>
         <input_file_ref idref="fl-7"/>
      </object_component>
      <object_component id="oc-a2">
         <name>.debug_line</name>
         <load_address>0x96c</load_address>
         <run_address>0x96c</run_address>
         <size>0x146</size>
         <input_file_ref idref="fl-7"/>
      </object_component>
      <object_component id="oc-1f3">
         <name>.debug_line</name>
         <load_address>0xab2</load_address>
         <run_address>0xab2</run_address>
         <size>0x31</size>
         <input_file_ref idref="fl-d"/>
      </object_component>
      <object_component id="oc-1bd">
         <name>.debug_line</name>
         <load_address>0xae3</load_address>
         <run_address>0xae3</run_address>
         <size>0x5e</size>
         <input_file_ref idref="fl-d"/>
      </object_component>
      <object_component id="oc-174">
         <name>.debug_line</name>
         <load_address>0xb41</load_address>
         <run_address>0xb41</run_address>
         <size>0x69</size>
         <input_file_ref idref="fl-d"/>
      </object_component>
      <object_component id="oc-1b4">
         <name>.debug_line</name>
         <load_address>0xbaa</load_address>
         <run_address>0xbaa</run_address>
         <size>0x47</size>
         <input_file_ref idref="fl-e"/>
      </object_component>
      <object_component id="oc-1d0">
         <name>.debug_line</name>
         <load_address>0xbf1</load_address>
         <run_address>0xbf1</run_address>
         <size>0x5b</size>
         <input_file_ref idref="fl-e"/>
      </object_component>
      <object_component id="oc-17b">
         <name>.debug_line</name>
         <load_address>0xc4c</load_address>
         <run_address>0xc4c</run_address>
         <size>0x73</size>
         <input_file_ref idref="fl-e"/>
      </object_component>
      <object_component id="oc-127">
         <name>.debug_line</name>
         <load_address>0xcbf</load_address>
         <run_address>0xcbf</run_address>
         <size>0x3d</size>
         <input_file_ref idref="fl-e"/>
      </object_component>
      <object_component id="oc-121">
         <name>.debug_line</name>
         <load_address>0xcfc</load_address>
         <run_address>0xcfc</run_address>
         <size>0x3e</size>
         <input_file_ref idref="fl-e"/>
      </object_component>
      <object_component id="oc-1b8">
         <name>.debug_line</name>
         <load_address>0xd3a</load_address>
         <run_address>0xd3a</run_address>
         <size>0x2e</size>
         <input_file_ref idref="fl-e"/>
      </object_component>
      <object_component id="oc-1f5">
         <name>.debug_line</name>
         <load_address>0xd68</load_address>
         <run_address>0xd68</run_address>
         <size>0x20</size>
         <input_file_ref idref="fl-10"/>
      </object_component>
      <object_component id="oc-1c4">
         <name>.debug_line</name>
         <load_address>0xd88</load_address>
         <run_address>0xd88</run_address>
         <size>0x41</size>
         <input_file_ref idref="fl-10"/>
      </object_component>
      <object_component id="oc-1d5">
         <name>.debug_line</name>
         <load_address>0xdc9</load_address>
         <run_address>0xdc9</run_address>
         <size>0x41</size>
         <input_file_ref idref="fl-10"/>
      </object_component>
      <object_component id="oc-1ca">
         <name>.debug_line</name>
         <load_address>0xe0a</load_address>
         <run_address>0xe0a</run_address>
         <size>0x41</size>
         <input_file_ref idref="fl-10"/>
      </object_component>
      <object_component id="oc-b9">
         <name>.debug_line</name>
         <load_address>0xe4b</load_address>
         <run_address>0xe4b</run_address>
         <size>0x9e</size>
         <input_file_ref idref="fl-cb"/>
      </object_component>
      <object_component id="oc-3e">
         <name>.debug_line</name>
         <load_address>0xee9</load_address>
         <run_address>0xee9</run_address>
         <size>0x4f</size>
         <input_file_ref idref="fl-cb"/>
      </object_component>
      <object_component id="oc-7d">
         <name>.debug_line</name>
         <load_address>0xf38</load_address>
         <run_address>0xf38</run_address>
         <size>0x34</size>
         <input_file_ref idref="fl-cb"/>
      </object_component>
      <object_component id="oc-b6">
         <name>.debug_line</name>
         <load_address>0xf6c</load_address>
         <run_address>0xf6c</run_address>
         <size>0x8a</size>
         <input_file_ref idref="fl-cb"/>
      </object_component>
      <object_component id="oc-78">
         <name>.debug_line</name>
         <load_address>0xff6</load_address>
         <run_address>0xff6</run_address>
         <size>0x20</size>
         <input_file_ref idref="fl-cc"/>
      </object_component>
      <object_component id="oc-1a">
         <name>.debug_line</name>
         <load_address>0x1016</load_address>
         <run_address>0x1016</run_address>
         <size>0x55</size>
         <input_file_ref idref="fl-cc"/>
      </object_component>
      <object_component id="oc-39">
         <name>.debug_line</name>
         <load_address>0x106b</load_address>
         <run_address>0x106b</run_address>
         <size>0x3a</size>
         <input_file_ref idref="fl-cc"/>
      </object_component>
      <object_component id="oc-75">
         <name>.debug_line</name>
         <load_address>0x10a5</load_address>
         <run_address>0x10a5</run_address>
         <size>0x8a</size>
         <input_file_ref idref="fl-cc"/>
      </object_component>
      <object_component id="oc-b2">
         <name>.debug_line</name>
         <load_address>0x112f</load_address>
         <run_address>0x112f</run_address>
         <size>0x20</size>
         <input_file_ref idref="fl-cd"/>
      </object_component>
      <object_component id="oc-12">
         <name>.debug_line</name>
         <load_address>0x114f</load_address>
         <run_address>0x114f</run_address>
         <size>0xa9</size>
         <input_file_ref idref="fl-cd"/>
      </object_component>
      <object_component id="oc-29">
         <name>.debug_line</name>
         <load_address>0x11f8</load_address>
         <run_address>0x11f8</run_address>
         <size>0x3a</size>
         <input_file_ref idref="fl-cd"/>
      </object_component>
      <object_component id="oc-af">
         <name>.debug_line</name>
         <load_address>0x1232</load_address>
         <run_address>0x1232</run_address>
         <size>0x92</size>
         <input_file_ref idref="fl-cd"/>
      </object_component>
      <object_component id="oc-6e">
         <name>.debug_line</name>
         <load_address>0x12c4</load_address>
         <run_address>0x12c4</run_address>
         <size>0x8e</size>
         <input_file_ref idref="fl-cd"/>
      </object_component>
      <object_component id="oc-6a">
         <name>.debug_line</name>
         <load_address>0x1352</load_address>
         <run_address>0x1352</run_address>
         <size>0x33</size>
         <input_file_ref idref="fl-ce"/>
      </object_component>
      <object_component id="oc-53">
         <name>.debug_line</name>
         <load_address>0x1385</load_address>
         <run_address>0x1385</run_address>
         <size>0x56</size>
         <input_file_ref idref="fl-ce"/>
      </object_component>
      <object_component id="oc-d0">
         <name>.debug_line</name>
         <load_address>0x13db</load_address>
         <run_address>0x13db</run_address>
         <size>0x3c</size>
         <input_file_ref idref="fl-cf"/>
      </object_component>
      <object_component id="oc-31">
         <name>.debug_line</name>
         <load_address>0x1417</load_address>
         <run_address>0x1417</run_address>
         <size>0x88</size>
         <input_file_ref idref="fl-d2"/>
      </object_component>
      <object_component id="oc-1a1">
         <name>.debug_line</name>
         <load_address>0x149f</load_address>
         <run_address>0x149f</run_address>
         <size>0xb7</size>
         <input_file_ref idref="fl-d4"/>
      </object_component>
      <object_component id="oc-df">
         <name>.debug_line</name>
         <load_address>0x1556</load_address>
         <run_address>0x1556</run_address>
         <size>0x6c</size>
         <input_file_ref idref="fl-d4"/>
      </object_component>
      <object_component id="oc-1a5">
         <name>.debug_line</name>
         <load_address>0x15c2</load_address>
         <run_address>0x15c2</run_address>
         <size>0x2e</size>
         <input_file_ref idref="fl-d4"/>
      </object_component>
      <object_component id="oc-1e3">
         <name>.debug_line</name>
         <load_address>0x15f0</load_address>
         <run_address>0x15f0</run_address>
         <size>0x92</size>
         <input_file_ref idref="fl-d4"/>
      </object_component>
      <object_component id="oc-1aa">
         <name>.debug_line</name>
         <load_address>0x1682</load_address>
         <run_address>0x1682</run_address>
         <size>0x8f</size>
         <input_file_ref idref="fl-d4"/>
      </object_component>
      <object_component id="oc-1af">
         <name>.debug_line</name>
         <load_address>0x1711</load_address>
         <run_address>0x1711</run_address>
         <size>0x8b</size>
         <input_file_ref idref="fl-d4"/>
      </object_component>
      <object_component id="oc-8a">
         <name>.debug_line</name>
         <load_address>0x179c</load_address>
         <run_address>0x179c</run_address>
         <size>0x40</size>
         <input_file_ref idref="fl-d5"/>
      </object_component>
      <object_component id="oc-160">
         <name>.debug_abbrev</name>
         <load_address>0x0</load_address>
         <run_address>0x0</run_address>
         <size>0xb4</size>
         <input_file_ref idref="fl-2"/>
      </object_component>
      <object_component id="oc-a9">
         <name>.debug_abbrev</name>
         <load_address>0xb4</load_address>
         <run_address>0xb4</run_address>
         <size>0x69</size>
         <input_file_ref idref="fl-2"/>
      </object_component>
      <object_component id="oc-169">
         <name>.debug_abbrev</name>
         <load_address>0x11d</load_address>
         <run_address>0x11d</run_address>
         <size>0x97</size>
         <input_file_ref idref="fl-2"/>
      </object_component>
      <object_component id="oc-164">
         <name>.debug_abbrev</name>
         <load_address>0x1b4</load_address>
         <run_address>0x1b4</run_address>
         <size>0xbd</size>
         <input_file_ref idref="fl-2"/>
      </object_component>
      <object_component id="oc-cb">
         <name>.debug_abbrev</name>
         <load_address>0x271</load_address>
         <run_address>0x271</run_address>
         <size>0x1f</size>
         <input_file_ref idref="fl-2"/>
      </object_component>
      <object_component id="oc-117">
         <name>.debug_abbrev</name>
         <load_address>0x290</load_address>
         <run_address>0x290</run_address>
         <size>0x5c</size>
         <input_file_ref idref="fl-2"/>
      </object_component>
      <object_component id="oc-1da">
         <name>.debug_abbrev</name>
         <load_address>0x2ec</load_address>
         <run_address>0x2ec</run_address>
         <size>0x24</size>
         <input_file_ref idref="fl-2"/>
      </object_component>
      <object_component id="oc-112">
         <name>.debug_abbrev</name>
         <load_address>0x310</load_address>
         <run_address>0x310</run_address>
         <size>0x24</size>
         <input_file_ref idref="fl-2"/>
      </object_component>
      <object_component id="oc-18f">
         <name>.debug_abbrev</name>
         <load_address>0x334</load_address>
         <run_address>0x334</run_address>
         <size>0x4b</size>
         <input_file_ref idref="fl-2"/>
      </object_component>
      <object_component id="oc-17d">
         <name>.debug_abbrev</name>
         <load_address>0x37f</load_address>
         <run_address>0x37f</run_address>
         <size>0xaf</size>
         <input_file_ref idref="fl-3"/>
      </object_component>
      <object_component id="oc-128">
         <name>.debug_abbrev</name>
         <load_address>0x42e</load_address>
         <run_address>0x42e</run_address>
         <size>0x89</size>
         <input_file_ref idref="fl-3"/>
      </object_component>
      <object_component id="oc-18b">
         <name>.debug_abbrev</name>
         <load_address>0x4b7</load_address>
         <run_address>0x4b7</run_address>
         <size>0x97</size>
         <input_file_ref idref="fl-4"/>
      </object_component>
      <object_component id="oc-181">
         <name>.debug_abbrev</name>
         <load_address>0x54e</load_address>
         <run_address>0x54e</run_address>
         <size>0x27</size>
         <input_file_ref idref="fl-4"/>
      </object_component>
      <object_component id="oc-183">
         <name>.debug_abbrev</name>
         <load_address>0x575</load_address>
         <run_address>0x575</run_address>
         <size>0x27</size>
         <input_file_ref idref="fl-4"/>
      </object_component>
      <object_component id="oc-185">
         <name>.debug_abbrev</name>
         <load_address>0x59c</load_address>
         <run_address>0x59c</run_address>
         <size>0x27</size>
         <input_file_ref idref="fl-4"/>
      </object_component>
      <object_component id="oc-189">
         <name>.debug_abbrev</name>
         <load_address>0x5c3</load_address>
         <run_address>0x5c3</run_address>
         <size>0x27</size>
         <input_file_ref idref="fl-4"/>
      </object_component>
      <object_component id="oc-187">
         <name>.debug_abbrev</name>
         <load_address>0x5ea</load_address>
         <run_address>0x5ea</run_address>
         <size>0x27</size>
         <input_file_ref idref="fl-4"/>
      </object_component>
      <object_component id="oc-17f">
         <name>.debug_abbrev</name>
         <load_address>0x611</load_address>
         <run_address>0x611</run_address>
         <size>0x29</size>
         <input_file_ref idref="fl-4"/>
      </object_component>
      <object_component id="oc-13c">
         <name>.debug_abbrev</name>
         <load_address>0x63a</load_address>
         <run_address>0x63a</run_address>
         <size>0xe3</size>
         <input_file_ref idref="fl-4"/>
      </object_component>
      <object_component id="oc-c8">
         <name>.debug_abbrev</name>
         <load_address>0x71d</load_address>
         <run_address>0x71d</run_address>
         <size>0x63</size>
         <input_file_ref idref="fl-5"/>
      </object_component>
      <object_component id="oc-a5">
         <name>.debug_abbrev</name>
         <load_address>0x780</load_address>
         <run_address>0x780</run_address>
         <size>0x7c</size>
         <input_file_ref idref="fl-6"/>
      </object_component>
      <object_component id="oc-66">
         <name>.debug_abbrev</name>
         <load_address>0x7fc</load_address>
         <run_address>0x7fc</run_address>
         <size>0x29</size>
         <input_file_ref idref="fl-6"/>
      </object_component>
      <object_component id="oc-a4">
         <name>.debug_abbrev</name>
         <load_address>0x825</load_address>
         <run_address>0x825</run_address>
         <size>0x85</size>
         <input_file_ref idref="fl-6"/>
      </object_component>
      <object_component id="oc-2d">
         <name>.debug_abbrev</name>
         <load_address>0x8aa</load_address>
         <run_address>0x8aa</run_address>
         <size>0x1f</size>
         <input_file_ref idref="fl-6"/>
      </object_component>
      <object_component id="oc-15e">
         <name>.debug_abbrev</name>
         <load_address>0x8c9</load_address>
         <run_address>0x8c9</run_address>
         <size>0x29</size>
         <input_file_ref idref="fl-7"/>
      </object_component>
      <object_component id="oc-10f">
         <name>.debug_abbrev</name>
         <load_address>0x8f2</load_address>
         <run_address>0x8f2</run_address>
         <size>0x8b</size>
         <input_file_ref idref="fl-7"/>
      </object_component>
      <object_component id="oc-1f2">
         <name>.debug_abbrev</name>
         <load_address>0x97d</load_address>
         <run_address>0x97d</run_address>
         <size>0xb7</size>
         <input_file_ref idref="fl-d"/>
      </object_component>
      <object_component id="oc-1bc">
         <name>.debug_abbrev</name>
         <load_address>0xa34</load_address>
         <run_address>0xa34</run_address>
         <size>0x97</size>
         <input_file_ref idref="fl-d"/>
      </object_component>
      <object_component id="oc-173">
         <name>.debug_abbrev</name>
         <load_address>0xacb</load_address>
         <run_address>0xacb</run_address>
         <size>0x35</size>
         <input_file_ref idref="fl-d"/>
      </object_component>
      <object_component id="oc-1b3">
         <name>.debug_abbrev</name>
         <load_address>0xb00</load_address>
         <run_address>0xb00</run_address>
         <size>0xe1</size>
         <input_file_ref idref="fl-e"/>
      </object_component>
      <object_component id="oc-1f0">
         <name>.debug_abbrev</name>
         <load_address>0xbe1</load_address>
         <run_address>0xbe1</run_address>
         <size>0x50</size>
         <input_file_ref idref="fl-e"/>
      </object_component>
      <object_component id="oc-1d7">
         <name>.debug_abbrev</name>
         <load_address>0xc31</load_address>
         <run_address>0xc31</run_address>
         <size>0x7c</size>
         <input_file_ref idref="fl-e"/>
      </object_component>
      <object_component id="oc-17c">
         <name>.debug_abbrev</name>
         <load_address>0xcad</load_address>
         <run_address>0xcad</run_address>
         <size>0x65</size>
         <input_file_ref idref="fl-e"/>
      </object_component>
      <object_component id="oc-170">
         <name>.debug_abbrev</name>
         <load_address>0xd12</load_address>
         <run_address>0xd12</run_address>
         <size>0x6c</size>
         <input_file_ref idref="fl-e"/>
      </object_component>
      <object_component id="oc-1b7">
         <name>.debug_abbrev</name>
         <load_address>0xd7e</load_address>
         <run_address>0xd7e</run_address>
         <size>0x49</size>
         <input_file_ref idref="fl-e"/>
      </object_component>
      <object_component id="oc-1f4">
         <name>.debug_abbrev</name>
         <load_address>0xdc7</load_address>
         <run_address>0xdc7</run_address>
         <size>0x76</size>
         <input_file_ref idref="fl-10"/>
      </object_component>
      <object_component id="oc-1ed">
         <name>.debug_abbrev</name>
         <load_address>0xe3d</load_address>
         <run_address>0xe3d</run_address>
         <size>0x52</size>
         <input_file_ref idref="fl-10"/>
      </object_component>
      <object_component id="oc-1f1">
         <name>.debug_abbrev</name>
         <load_address>0xe8f</load_address>
         <run_address>0xe8f</run_address>
         <size>0x6c</size>
         <input_file_ref idref="fl-10"/>
      </object_component>
      <object_component id="oc-1ee">
         <name>.debug_abbrev</name>
         <load_address>0xefb</load_address>
         <run_address>0xefb</run_address>
         <size>0x6c</size>
         <input_file_ref idref="fl-10"/>
      </object_component>
      <object_component id="oc-b8">
         <name>.debug_abbrev</name>
         <load_address>0xf67</load_address>
         <run_address>0xf67</run_address>
         <size>0x73</size>
         <input_file_ref idref="fl-cb"/>
      </object_component>
      <object_component id="oc-79">
         <name>.debug_abbrev</name>
         <load_address>0xfda</load_address>
         <run_address>0xfda</run_address>
         <size>0x6f</size>
         <input_file_ref idref="fl-cb"/>
      </object_component>
      <object_component id="oc-7c">
         <name>.debug_abbrev</name>
         <load_address>0x1049</load_address>
         <run_address>0x1049</run_address>
         <size>0x24</size>
         <input_file_ref idref="fl-cb"/>
      </object_component>
      <object_component id="oc-b5">
         <name>.debug_abbrev</name>
         <load_address>0x106d</load_address>
         <run_address>0x106d</run_address>
         <size>0x24</size>
         <input_file_ref idref="fl-cb"/>
      </object_component>
      <object_component id="oc-77">
         <name>.debug_abbrev</name>
         <load_address>0x1091</load_address>
         <run_address>0x1091</run_address>
         <size>0x37</size>
         <input_file_ref idref="fl-cc"/>
      </object_component>
      <object_component id="oc-35">
         <name>.debug_abbrev</name>
         <load_address>0x10c8</load_address>
         <run_address>0x10c8</run_address>
         <size>0x74</size>
         <input_file_ref idref="fl-cc"/>
      </object_component>
      <object_component id="oc-38">
         <name>.debug_abbrev</name>
         <load_address>0x113c</load_address>
         <run_address>0x113c</run_address>
         <size>0x24</size>
         <input_file_ref idref="fl-cc"/>
      </object_component>
      <object_component id="oc-74">
         <name>.debug_abbrev</name>
         <load_address>0x1160</load_address>
         <run_address>0x1160</run_address>
         <size>0x24</size>
         <input_file_ref idref="fl-cc"/>
      </object_component>
      <object_component id="oc-b1">
         <name>.debug_abbrev</name>
         <load_address>0x1184</load_address>
         <run_address>0x1184</run_address>
         <size>0x37</size>
         <input_file_ref idref="fl-cd"/>
      </object_component>
      <object_component id="oc-25">
         <name>.debug_abbrev</name>
         <load_address>0x11bb</load_address>
         <run_address>0x11bb</run_address>
         <size>0x6f</size>
         <input_file_ref idref="fl-cd"/>
      </object_component>
      <object_component id="oc-28">
         <name>.debug_abbrev</name>
         <load_address>0x122a</load_address>
         <run_address>0x122a</run_address>
         <size>0x24</size>
         <input_file_ref idref="fl-cd"/>
      </object_component>
      <object_component id="oc-ae">
         <name>.debug_abbrev</name>
         <load_address>0x124e</load_address>
         <run_address>0x124e</run_address>
         <size>0x35</size>
         <input_file_ref idref="fl-cd"/>
      </object_component>
      <object_component id="oc-6d">
         <name>.debug_abbrev</name>
         <load_address>0x1283</load_address>
         <run_address>0x1283</run_address>
         <size>0x24</size>
         <input_file_ref idref="fl-cd"/>
      </object_component>
      <object_component id="oc-69">
         <name>.debug_abbrev</name>
         <load_address>0x12a7</load_address>
         <run_address>0x12a7</run_address>
         <size>0x29</size>
         <input_file_ref idref="fl-ce"/>
      </object_component>
      <object_component id="oc-95">
         <name>.debug_abbrev</name>
         <load_address>0x12d0</load_address>
         <run_address>0x12d0</run_address>
         <size>0x61</size>
         <input_file_ref idref="fl-ce"/>
      </object_component>
      <object_component id="oc-13e">
         <name>.debug_abbrev</name>
         <load_address>0x1331</load_address>
         <run_address>0x1331</run_address>
         <size>0x45</size>
         <input_file_ref idref="fl-cf"/>
      </object_component>
      <object_component id="oc-71">
         <name>.debug_abbrev</name>
         <load_address>0x1376</load_address>
         <run_address>0x1376</run_address>
         <size>0x3e</size>
         <input_file_ref idref="fl-d2"/>
      </object_component>
      <object_component id="oc-1a0">
         <name>.debug_abbrev</name>
         <load_address>0x13b4</load_address>
         <run_address>0x13b4</run_address>
         <size>0xdb</size>
         <input_file_ref idref="fl-d4"/>
      </object_component>
      <object_component id="oc-148">
         <name>.debug_abbrev</name>
         <load_address>0x148f</load_address>
         <run_address>0x148f</run_address>
         <size>0x7e</size>
         <input_file_ref idref="fl-d4"/>
      </object_component>
      <object_component id="oc-1a4">
         <name>.debug_abbrev</name>
         <load_address>0x150d</load_address>
         <run_address>0x150d</run_address>
         <size>0x24</size>
         <input_file_ref idref="fl-d4"/>
      </object_component>
      <object_component id="oc-1e2">
         <name>.debug_abbrev</name>
         <load_address>0x1531</load_address>
         <run_address>0x1531</run_address>
         <size>0x24</size>
         <input_file_ref idref="fl-d4"/>
      </object_component>
      <object_component id="oc-1a9">
         <name>.debug_abbrev</name>
         <load_address>0x1555</load_address>
         <run_address>0x1555</run_address>
         <size>0x24</size>
         <input_file_ref idref="fl-d4"/>
      </object_component>
      <object_component id="oc-1ae">
         <name>.debug_abbrev</name>
         <load_address>0x1579</load_address>
         <run_address>0x1579</run_address>
         <size>0x4b</size>
         <input_file_ref idref="fl-d4"/>
      </object_component>
      <object_component id="oc-bb">
         <name>.debug_abbrev</name>
         <load_address>0x15c4</load_address>
         <run_address>0x15c4</run_address>
         <size>0x55</size>
         <input_file_ref idref="fl-d5"/>
      </object_component>
      <object_component id="oc-224">
         <name>.debug_abbrev</name>
         <load_address>0x1619</load_address>
         <run_address>0x1619</run_address>
         <size>0xf</size>
      </object_component>
      <object_component id="oc-ab">
         <name>.debug_str</name>
         <load_address>0x0</load_address>
         <run_address>0x0</run_address>
         <size>0x2a9</size>
         <input_file_ref idref="fl-2"/>
      </object_component>
      <object_component id="oc-16b">
         <name>.debug_str</name>
         <load_address>0x2a9</load_address>
         <run_address>0x2a9</run_address>
         <size>0x47e</size>
         <input_file_ref idref="fl-2"/>
      </object_component>
      <object_component id="oc-166">
         <name>.debug_str</name>
         <load_address>0x727</load_address>
         <run_address>0x727</run_address>
         <size>0x15c2</size>
         <input_file_ref idref="fl-2"/>
      </object_component>
      <object_component id="oc-cd">
         <name>.debug_str</name>
         <load_address>0x1ce9</load_address>
         <run_address>0x1ce9</run_address>
         <size>0xfa</size>
         <input_file_ref idref="fl-2"/>
      </object_component>
      <object_component id="oc-119">
         <name>.debug_str</name>
         <load_address>0x1de3</load_address>
         <run_address>0x1de3</run_address>
         <size>0x338</size>
         <input_file_ref idref="fl-2"/>
      </object_component>
      <object_component id="oc-1dc">
         <name>.debug_str</name>
         <load_address>0x211b</load_address>
         <run_address>0x211b</run_address>
         <size>0x1b4</size>
         <input_file_ref idref="fl-2"/>
      </object_component>
      <object_component id="oc-114">
         <name>.debug_str</name>
         <load_address>0x22cf</load_address>
         <run_address>0x22cf</run_address>
         <size>0x141</size>
         <input_file_ref idref="fl-2"/>
      </object_component>
      <object_component id="oc-191">
         <name>.debug_str</name>
         <load_address>0x2410</load_address>
         <run_address>0x2410</run_address>
         <size>0x197</size>
         <input_file_ref idref="fl-2"/>
      </object_component>
      <object_component id="oc-2f">
         <name>.debug_str</name>
         <load_address>0x25a7</load_address>
         <run_address>0x25a7</run_address>
         <size>0xfa</size>
         <input_file_ref idref="fl-6"/>
      </object_component>
      <object_component id="oc-1be">
         <name>.debug_str</name>
         <load_address>0x26a1</load_address>
         <run_address>0x26a1</run_address>
         <size>0x46b</size>
         <input_file_ref idref="fl-d"/>
      </object_component>
      <object_component id="oc-175">
         <name>.debug_str</name>
         <load_address>0x2b0c</load_address>
         <run_address>0x2b0c</run_address>
         <size>0x20f</size>
         <input_file_ref idref="fl-d"/>
      </object_component>
      <object_component id="oc-1b9">
         <name>.debug_str</name>
         <load_address>0x2d1b</load_address>
         <run_address>0x2d1b</run_address>
         <size>0x23a</size>
         <input_file_ref idref="fl-e"/>
      </object_component>
      <object_component id="oc-7e">
         <name>.debug_str</name>
         <load_address>0x2f55</load_address>
         <run_address>0x2f55</run_address>
         <size>0xfa</size>
         <input_file_ref idref="fl-cb"/>
      </object_component>
      <object_component id="oc-b7">
         <name>.debug_str</name>
         <load_address>0x304f</load_address>
         <run_address>0x304f</run_address>
         <size>0x12d</size>
         <input_file_ref idref="fl-cb"/>
      </object_component>
      <object_component id="oc-3a">
         <name>.debug_str</name>
         <load_address>0x317c</load_address>
         <run_address>0x317c</run_address>
         <size>0x100</size>
         <input_file_ref idref="fl-cc"/>
      </object_component>
      <object_component id="oc-76">
         <name>.debug_str</name>
         <load_address>0x327c</load_address>
         <run_address>0x327c</run_address>
         <size>0x12d</size>
         <input_file_ref idref="fl-cc"/>
      </object_component>
      <object_component id="oc-2a">
         <name>.debug_str</name>
         <load_address>0x33a9</load_address>
         <run_address>0x33a9</run_address>
         <size>0x10d</size>
         <input_file_ref idref="fl-cd"/>
      </object_component>
      <object_component id="oc-b0">
         <name>.debug_str</name>
         <load_address>0x34b6</load_address>
         <run_address>0x34b6</run_address>
         <size>0x158</size>
         <input_file_ref idref="fl-cd"/>
      </object_component>
      <object_component id="oc-6f">
         <name>.debug_str</name>
         <load_address>0x360e</load_address>
         <run_address>0x360e</run_address>
         <size>0x145</size>
         <input_file_ref idref="fl-cd"/>
      </object_component>
      <object_component id="oc-1a6">
         <name>.debug_str</name>
         <load_address>0x3753</load_address>
         <run_address>0x3753</run_address>
         <size>0xe2</size>
         <input_file_ref idref="fl-d4"/>
      </object_component>
      <object_component id="oc-1e4">
         <name>.debug_str</name>
         <load_address>0x3835</load_address>
         <run_address>0x3835</run_address>
         <size>0x144</size>
         <input_file_ref idref="fl-d4"/>
      </object_component>
      <object_component id="oc-1ab">
         <name>.debug_str</name>
         <load_address>0x3979</load_address>
         <run_address>0x3979</run_address>
         <size>0x13d</size>
         <input_file_ref idref="fl-d4"/>
      </object_component>
      <object_component id="oc-1b0">
         <name>.debug_str</name>
         <load_address>0x3ab6</load_address>
         <run_address>0x3ab6</run_address>
         <size>0x184</size>
         <input_file_ref idref="fl-d4"/>
      </object_component>
      <object_component id="oc-11b">
         <name>.debug_pubnames</name>
         <load_address>0x0</load_address>
         <run_address>0x0</run_address>
         <size>0x22</size>
         <input_file_ref idref="fl-2"/>
      </object_component>
      <object_component id="oc-be">
         <name>.debug_pubnames</name>
         <load_address>0x22</load_address>
         <run_address>0x22</run_address>
         <size>0x3b</size>
         <input_file_ref idref="fl-3"/>
      </object_component>
      <object_component id="oc-12f">
         <name>.debug_pubnames</name>
         <load_address>0x5d</load_address>
         <run_address>0x5d</run_address>
         <size>0x1c</size>
         <input_file_ref idref="fl-4"/>
      </object_component>
      <object_component id="oc-132">
         <name>.debug_pubnames</name>
         <load_address>0x79</load_address>
         <run_address>0x79</run_address>
         <size>0x1c</size>
         <input_file_ref idref="fl-4"/>
      </object_component>
      <object_component id="oc-135">
         <name>.debug_pubnames</name>
         <load_address>0x95</load_address>
         <run_address>0x95</run_address>
         <size>0x1c</size>
         <input_file_ref idref="fl-4"/>
      </object_component>
      <object_component id="oc-13b">
         <name>.debug_pubnames</name>
         <load_address>0xb1</load_address>
         <run_address>0xb1</run_address>
         <size>0x1f</size>
         <input_file_ref idref="fl-4"/>
      </object_component>
      <object_component id="oc-138">
         <name>.debug_pubnames</name>
         <load_address>0xd0</load_address>
         <run_address>0xd0</run_address>
         <size>0x29</size>
         <input_file_ref idref="fl-4"/>
      </object_component>
      <object_component id="oc-12c">
         <name>.debug_pubnames</name>
         <load_address>0xf9</load_address>
         <run_address>0xf9</run_address>
         <size>0x26</size>
         <input_file_ref idref="fl-4"/>
      </object_component>
      <object_component id="oc-c4">
         <name>.debug_pubnames</name>
         <load_address>0x11f</load_address>
         <run_address>0x11f</run_address>
         <size>0x10a</size>
         <input_file_ref idref="fl-4"/>
      </object_component>
      <object_component id="oc-90">
         <name>.debug_pubnames</name>
         <load_address>0x229</load_address>
         <run_address>0x229</run_address>
         <size>0x1b</size>
         <input_file_ref idref="fl-5"/>
      </object_component>
      <object_component id="oc-21">
         <name>.debug_pubnames</name>
         <load_address>0x244</load_address>
         <run_address>0x244</run_address>
         <size>0x27</size>
         <input_file_ref idref="fl-6"/>
      </object_component>
      <object_component id="oc-65">
         <name>.debug_pubnames</name>
         <load_address>0x26b</load_address>
         <run_address>0x26b</run_address>
         <size>0x46</size>
         <input_file_ref idref="fl-6"/>
      </object_component>
      <object_component id="oc-10e">
         <name>.debug_pubnames</name>
         <load_address>0x2b1</load_address>
         <run_address>0x2b1</run_address>
         <size>0x26</size>
         <input_file_ref idref="fl-7"/>
      </object_component>
      <object_component id="oc-a1">
         <name>.debug_pubnames</name>
         <load_address>0x2d7</load_address>
         <run_address>0x2d7</run_address>
         <size>0x3b</size>
         <input_file_ref idref="fl-7"/>
      </object_component>
      <object_component id="oc-16e">
         <name>.debug_pubnames</name>
         <load_address>0x312</load_address>
         <run_address>0x312</run_address>
         <size>0x2c</size>
         <input_file_ref idref="fl-e"/>
      </object_component>
      <object_component id="oc-1cf">
         <name>.debug_pubnames</name>
         <load_address>0x33e</load_address>
         <run_address>0x33e</run_address>
         <size>0x2a</size>
         <input_file_ref idref="fl-e"/>
      </object_component>
      <object_component id="oc-17a">
         <name>.debug_pubnames</name>
         <load_address>0x368</load_address>
         <run_address>0x368</run_address>
         <size>0x2e</size>
         <input_file_ref idref="fl-e"/>
      </object_component>
      <object_component id="oc-126">
         <name>.debug_pubnames</name>
         <load_address>0x396</load_address>
         <run_address>0x396</run_address>
         <size>0x23</size>
         <input_file_ref idref="fl-e"/>
      </object_component>
      <object_component id="oc-11f">
         <name>.debug_pubnames</name>
         <load_address>0x3b9</load_address>
         <run_address>0x3b9</run_address>
         <size>0x39</size>
         <input_file_ref idref="fl-e"/>
      </object_component>
      <object_component id="oc-1c1">
         <name>.debug_pubnames</name>
         <load_address>0x3f2</load_address>
         <run_address>0x3f2</run_address>
         <size>0x30</size>
         <input_file_ref idref="fl-10"/>
      </object_component>
      <object_component id="oc-1d4">
         <name>.debug_pubnames</name>
         <load_address>0x422</load_address>
         <run_address>0x422</run_address>
         <size>0x2d</size>
         <input_file_ref idref="fl-10"/>
      </object_component>
      <object_component id="oc-1c9">
         <name>.debug_pubnames</name>
         <load_address>0x44f</load_address>
         <run_address>0x44f</run_address>
         <size>0x2e</size>
         <input_file_ref idref="fl-10"/>
      </object_component>
      <object_component id="oc-40">
         <name>.debug_pubnames</name>
         <load_address>0x47d</load_address>
         <run_address>0x47d</run_address>
         <size>0x2e</size>
         <input_file_ref idref="fl-cb"/>
      </object_component>
      <object_component id="oc-19">
         <name>.debug_pubnames</name>
         <load_address>0x4ab</load_address>
         <run_address>0x4ab</run_address>
         <size>0x2b</size>
         <input_file_ref idref="fl-cc"/>
      </object_component>
      <object_component id="oc-15">
         <name>.debug_pubnames</name>
         <load_address>0x4d6</load_address>
         <run_address>0x4d6</run_address>
         <size>0x2b</size>
         <input_file_ref idref="fl-cd"/>
      </object_component>
      <object_component id="oc-24">
         <name>.debug_pubnames</name>
         <load_address>0x501</load_address>
         <run_address>0x501</run_address>
         <size>0x1e</size>
         <input_file_ref idref="fl-ce"/>
      </object_component>
      <object_component id="oc-52">
         <name>.debug_pubnames</name>
         <load_address>0x51f</load_address>
         <run_address>0x51f</run_address>
         <size>0x26</size>
         <input_file_ref idref="fl-ce"/>
      </object_component>
      <object_component id="oc-d2">
         <name>.debug_pubnames</name>
         <load_address>0x545</load_address>
         <run_address>0x545</run_address>
         <size>0x1c</size>
         <input_file_ref idref="fl-cf"/>
      </object_component>
      <object_component id="oc-34">
         <name>.debug_pubnames</name>
         <load_address>0x561</load_address>
         <run_address>0x561</run_address>
         <size>0x1d</size>
         <input_file_ref idref="fl-d2"/>
      </object_component>
      <object_component id="oc-dd">
         <name>.debug_pubnames</name>
         <load_address>0x57e</load_address>
         <run_address>0x57e</run_address>
         <size>0x35</size>
         <input_file_ref idref="fl-d4"/>
      </object_component>
      <object_component id="oc-88">
         <name>.debug_pubnames</name>
         <load_address>0x5b3</load_address>
         <run_address>0x5b3</run_address>
         <size>0x27</size>
         <input_file_ref idref="fl-d5"/>
      </object_component>
      <object_component id="oc-a8">
         <name>.debug_pubtypes</name>
         <load_address>0x0</load_address>
         <run_address>0x0</run_address>
         <size>0x25c</size>
         <input_file_ref idref="fl-2"/>
      </object_component>
      <object_component id="oc-168">
         <name>.debug_pubtypes</name>
         <load_address>0x25c</load_address>
         <run_address>0x25c</run_address>
         <size>0xdd</size>
         <input_file_ref idref="fl-2"/>
      </object_component>
      <object_component id="oc-163">
         <name>.debug_pubtypes</name>
         <load_address>0x339</load_address>
         <run_address>0x339</run_address>
         <size>0x2ce</size>
         <input_file_ref idref="fl-2"/>
      </object_component>
      <object_component id="oc-ca">
         <name>.debug_pubtypes</name>
         <load_address>0x607</load_address>
         <run_address>0x607</run_address>
         <size>0xff</size>
         <input_file_ref idref="fl-2"/>
      </object_component>
      <object_component id="oc-116">
         <name>.debug_pubtypes</name>
         <load_address>0x706</load_address>
         <run_address>0x706</run_address>
         <size>0x325</size>
         <input_file_ref idref="fl-2"/>
      </object_component>
      <object_component id="oc-1d9">
         <name>.debug_pubtypes</name>
         <load_address>0xa2b</load_address>
         <run_address>0xa2b</run_address>
         <size>0x12e</size>
         <input_file_ref idref="fl-2"/>
      </object_component>
      <object_component id="oc-111">
         <name>.debug_pubtypes</name>
         <load_address>0xb59</load_address>
         <run_address>0xb59</run_address>
         <size>0xaa</size>
         <input_file_ref idref="fl-2"/>
      </object_component>
      <object_component id="oc-18e">
         <name>.debug_pubtypes</name>
         <load_address>0xc03</load_address>
         <run_address>0xc03</run_address>
         <size>0x7e</size>
         <input_file_ref idref="fl-2"/>
      </object_component>
      <object_component id="oc-2c">
         <name>.debug_pubtypes</name>
         <load_address>0xc81</load_address>
         <run_address>0xc81</run_address>
         <size>0xed</size>
         <input_file_ref idref="fl-6"/>
      </object_component>
[...]
            <object_component_ref idref="oc-191"/>
            <object_component_ref idref="oc-2f"/>
            <object_component_ref idref="oc-1be"/>
            <object_component_ref idref="oc-175"/>
            <object_component_ref idref="oc-1b9"/>
            <object_component_ref idref="oc-7e"/>
            <object_component_ref idref="oc-b7"/>
            <object_component_ref idref="oc-3a"/>
            <object_component_ref idref="oc-76"/>
            <object_component_ref idref="oc-2a"/>
            <object_component_ref idref="oc-b0"/>
            <object_component_ref idref="oc-6f"/>
            <object_component_ref idref="oc-1a6"/>
            <object_component_ref idref="oc-1e4"/>
            <object_component_ref idref="oc-1ab"/>
            <object_component_ref idref="oc-1b0"/>
         </contents>
      </logical_group>
      <logical_group id="lg-20e" display="never" color="cyan">
         <name>.debug_pubnames</name>
         <load_address>0x0</load_address>
         <run_address>0x0</run_address>
         <size>0x5da</size>
         <contents>
            <object_component_ref idref="oc-11b"/>
            <object_component_ref idref="oc-be"/>
            <object_component_ref idref="oc-12f"/>
            <object_component_ref idref="oc-132"/>
            <object_component_ref idref="oc-135"/>
            <object_component_ref idref="oc-13b"/>
            <object_component_ref idref="oc-138"/>
            <object_component_ref idref="oc-12c"/>
            <object_component_ref idref="oc-c4"/>
            <object_component_ref idref="oc-90"/>
            <object_component_ref idref="oc-21"/>
            <object_component_ref idref="oc-65"/>
            <object_component_ref idref="oc-10e"/>
            <object_component_ref idref="oc-a1"/>
            <object_component_ref idref="oc-16e"/>
            <object_component_ref idref="oc-1cf"/>
            <object_component_ref idref="oc-17a"/>
            <object_component_ref idref="oc-126"/>
            <object_component_ref idref="oc-11f"/>
            <object_component_ref idref="oc-1c1"/>
            <object_component_ref idref="oc-1d4"/>
            <object_component_ref idref="oc-1c9"/>
            <object_component_ref idref="oc-40"/>
            <object_component_ref idref="oc-19"/>
            <object_component_ref idref="oc-15"/>
            <object_component_ref idref="oc-24"/>
            <object_component_ref idref="oc-52"/>
            <object_component_ref idref="oc-d2"/>
            <object_component_ref idref="oc-34"/>
            <object_component_ref idref="oc-dd"/>
            <object_component_ref idref="oc-88"/>
         </contents>
      </logical_group>
      <logical_group id="lg-210" display="never" color="cyan">
         <name>.debug_pubtypes</name>
         <load_address>0x0</load_address>
         <run_address>0x0</run_address>
         <size>0x12d7</size>
         <contents>
            <object_component_ref idref="oc-a8"/>
            <object_component_ref idref="oc-168"/>
            <object_component_ref idref="oc-163"/>
            <object_component_ref idref="oc-ca"/>
            <object_component_ref idref="oc-116"/>
            <object_component_ref idref="oc-1d9"/>
            <object_component_ref idref="oc-111"/>
            <object_component_ref idref="oc-18e"/>
            <object_component_ref idref="oc-2c"/>
            <object_component_ref idref="oc-1bb"/>
            <object_component_ref idref="oc-172"/>
            <object_component_ref idref="oc-1b6"/>
            <object_component_ref idref="oc-7b"/>
            <object_component_ref idref="oc-b4"/>
            <object_component_ref idref="oc-37"/>
            <object_component_ref idref="oc-73"/>
            <object_component_ref idref="oc-27"/>
            <object_component_ref idref="oc-ad"/>
            <object_component_ref idref="oc-6c"/>
            <object_component_ref idref="oc-1a3"/>
            <object_component_ref idref="oc-1e1"/>
            <object_component_ref idref="oc-1a8"/>
            <object_component_ref idref="oc-1ad"/>
         </contents>
      </logical_group>
      <logical_group id="lg-212" display="never" color="cyan">
         <name>.debug_frame</name>
         <load_address>0x0</load_address>
         <run_address>0x0</run_address>
         <size>0x940</size>
         <contents>
            <object_component_ref idref="oc-c1"/>
            <object_component_ref idref="oc-c6"/>
            <object_component_ref idref="oc-91"/>
            <object_component_ref idref="oc-62"/>
            <object_component_ref idref="oc-a3"/>
            <object_component_ref idref="oc-1cc"/>
            <object_component_ref idref="oc-177"/>
            <object_component_ref idref="oc-123"/>
            <object_component_ref idref="oc-11d"/>
            <object_component_ref idref="oc-1c3"/>
            <object_component_ref idref="oc-1d6"/>
            <object_component_ref idref="oc-1c6"/>
            <object_component_ref idref="oc-3d"/>
            <object_component_ref idref="oc-1b"/>
            <object_component_ref idref="oc-11"/>
            <object_component_ref idref="oc-50"/>
            <object_component_ref idref="oc-d3"/>
            <object_component_ref idref="oc-de"/>
            <object_component_ref idref="oc-8b"/>
         </contents>
      </logical_group>
      <logical_group id="lg-214" display="never" color="cyan">
         <name>.debug_aranges</name>
         <load_address>0x0</load_address>
         <run_address>0x0</run_address>
         <size>0x2f8</size>
         <contents>
            <object_component_ref idref="oc-bf"/>
            <object_component_ref idref="oc-c5"/>
            <object_component_ref idref="oc-8f"/>
            <object_component_ref idref="oc-64"/>
            <object_component_ref idref="oc-a0"/>
            <object_component_ref idref="oc-1ce"/>
            <object_component_ref idref="oc-179"/>
            <object_component_ref idref="oc-125"/>
            <object_component_ref idref="oc-120"/>
            <object_component_ref idref="oc-1c2"/>
            <object_component_ref idref="oc-1d3"/>
            <object_component_ref idref="oc-1c8"/>
            <object_component_ref idref="oc-41"/>
            <object_component_ref idref="oc-18"/>
            <object_component_ref idref="oc-14"/>
            <object_component_ref idref="oc-4f"/>
            <object_component_ref idref="oc-cf"/>
            <object_component_ref idref="oc-32"/>
            <object_component_ref idref="oc-dc"/>
            <object_component_ref idref="oc-89"/>
         </contents>
      </logical_group>
      <load_segment id="lg-229" display="no" color="cyan">
         <name>SEGMENT_0</name>
         <load_address>0x0</load_address>
         <run_address>0x0</run_address>
         <size>0xe40</size>
         <flags>0x5</flags>
         <contents>
            <logical_group_ref idref="lg-3"/>
            <logical_group_ref idref="lg-4"/>
            <logical_group_ref idref="lg-5"/>
            <logical_group_ref idref="lg-6"/>
         </contents>
      </load_segment>
      <load_segment id="lg-22a" display="no" color="cyan">
         <name>SEGMENT_1</name>
         <run_address>0x20000000</run_address>
         <size>0x14</size>
         <flags>0x6</flags>
         <contents>
            <logical_group_ref idref="lg-c"/>
            <logical_group_ref idref="lg-b"/>
         </contents>
      </load_segment>
      <load_segment id="lg-22b" display="no" color="cyan">
         <name>SEGMENT_2</name>
         <run_address>0x2000fe00</run_address>
         <size>0x200</size>
         <flags>0x6</flags>
         <contents>
            <logical_group_ref idref="lg-e"/>
         </contents>
      </load_segment>
   </logical_group_list>
   <placement_map>
      <memory_area display="yes" color="green">
         <name>MAIN</name>
         <page_id>0x0</page_id>
         <origin>0x0</origin>
         <length>0x40000</length>
         <used_space>0xe37</used_space>
         <unused_space>0x3f1c9</unused_space>
         <attributes>RX</attributes>
         <usage_details>
            <allocated_space>
               <start_address>0x0</start_address>
               <size>0x140</size>
               <logical_group_ref idref="lg-3"/>
            </allocated_space>
            <allocated_space>
               <start_address>0x140</start_address>
               <size>0xc2e</size>
               <logical_group_ref idref="lg-4"/>
            </allocated_space>
            <available_space>
               <start_address>0xd6e</start_address>
               <size>0x2</size>
            </available_space>
            <allocated_space>
               <start_address>0xd70</start_address>
               <size>0x91</size>
               <logical_group_ref idref="lg-5"/>
            </allocated_space>
            <available_space>
               <start_address>0xe01</start_address>
               <size>0x7</size>
            </available_space>
            <allocated_space>
               <start_address>0xe08</start_address>
               <size>0x38</size>
               <logical_group_ref idref="lg-6"/>
            </allocated_space>
            <available_space>
               <start_address>0xe40</start_address>
               <size>0x3f1c0</size>
            </available_space>
         </usage_details>
      </memory_area>
      <memory_area display="yes" color="green">
         <name>INFO</name>
         <page_id>0x0</page_id>
         <origin>0x200000</origin>
         <length>0x4000</length>
         <used_space>0x0</used_space>
         <unused_space>0x4000</unused_space>
         <attributes>RX</attributes>
         <usage_details>
         </usage_details>
      </memory_area>
      <memory_area display="yes" color="green">
         <name>SRAM_CODE</name>
         <page_id>0x0</page_id>
         <origin>0x1000000</origin>
         <length>0x10000</length>
         <used_space>0x0</used_space>
         <unused_space>0x10000</unused_space>
         <attributes>RWX</attributes>
         <usage_details>
         </usage_details>
      </memory_area>
      <memory_area display="yes" color="green">
         <name>SRAM_DATA</name>
         <page_id>0x0</page_id>
         <origin>0x20000000</origin>
         <length>0x10000</length>
         <used_space>0x211</used_space>
         <unused_space>0xfdef</unused_space>
         <attributes>RW</attributes>
         <usage_details>
            <allocated_space>
               <start_address>0x20000000</start_address>
               <size>0x9</size>
               <logical_group_ref idref="lg-c"/>
            </allocated_space>
            <available_space>
               <start_address>0x20000009</start_address>
               <size>0x3</size>
            </available_space>
            <allocated_space>
               <start_address>0x2000000c</start_address>
               <size>0x8</size>
               <logical_group_ref idref="lg-b"/>
            </allocated_space>
            <available_space>
               <start_address>0x20000014</start_address>
               <size>0xfdec</size>
            </available_space>
            <allocated_space>
               <start_address>0x2000fe00</start_address>
               <size>0x200</size>
               <logical_group_ref idref="lg-e"/>
            </allocated_space>
         </usage_details>
      </memory_area>
   </placement_map>
   <cptbl_list>
      <cptbl>
         <name>__TI_cinit_table</name>
         <cprec>
            <name>.data</name>
            <load_address>0xe08</load_address>
            <load_size>0xd</load_size>
            <run_address>0x2000000c</run_address>
            <run_size>0x8</run_size>
            <compression>lzss</compression>
         </cprec>
         <cprec>
            <name>.bss</name>
            <load_address>0xe28</load_address>
            <load_size>0x8</load_size>
            <run_address>0x20000000</run_address>
            <run_size>0x9</run_size>
            <compression>zero_init</compression>
         </cprec>
      </cptbl>
   </cptbl_list>
   <handler_table>
      <handler_table_name>__TI_handler_table</handler_table_name>
      <handler>
         <index>0x0</index>
         <name>__TI_decompress_lzss</name>
      </handler>
      <handler>
         <index>0x1</index>
         <name>__TI_decompress_none</name>
      </handler>
      <handler>
         <index>0x2</index>
         <name>__TI_zero_init</name>
      </handler>
   </handler_table>
   <symbol_table>
      <symbol id="sm-1">
         <name>WDTCTL_SYM</name>
         <value>0x4000480c</value>
      </symbol>
      <symbol id="sm-2">
         <name>__TI_CINIT_Base</name>
         <value>0xe30</value>
      </symbol>
      <symbol id="sm-3">
         <name>__TI_CINIT_Limit</name>
         <value>0xe40</value>
      </symbol>
      <symbol id="sm-4">
         <name>__TI_Handler_Table_Base</name>
         <value>0xe18</value>
      </symbol>
      <symbol id="sm-5">
         <name>__TI_Handler_Table_Limit</name>
         <value>0xe24</value>
      </symbol>
      <symbol id="sm-6">
         <name>binit</name>
         <value>0xffffffff</value>
      </symbol>
      <symbol id="sm-7">
         <name>__binit__</name>
         <value>0xffffffff</value>
      </symbol>
      <symbol id="sm-8">
         <name>__STACK_SIZE</name>
         <value>0x200</value>
      </symbol>
      <symbol id="sm-9">
         <name>__STACK_END</name>
         <value>0x20010000</value>
      </symbol>
      <symbol id="sm-a">
         <name>__c_args__</name>
         <value>0xffffffff</value>
      </symbol>
      <symbol id="sm-b">
         <name>__TI_pprof_out_hndl</name>
         <value>0xffffffff</value>
      </symbol>
      <symbol id="sm-c">
         <name>__TI_prof_data_start</name>
         <value>0xffffffff</value>
      </symbol>
      <symbol id="sm-d">
         <name>__TI_prof_data_size</name>
         <value>0xffffffff</value>
      </symbol>
      <symbol id="sm-67">
         <name>Common_CLK_48MHz</name>
         <value>0x935</value>
         <object_component_ref idref="oc-bc"/>
      </symbol>
      <symbol id="sm-68">
         <name>Common_Delay_ms</name>
         <value>0x9bb</value>
         <object_component_ref idref="oc-bc"/>
      </symbol>
      <symbol id="sm-e0">
         <name>Display_SendData</name>
         <value>0x541</value>
         <object_component_ref idref="oc-c2"/>
      </symbol>
      <symbol id="sm-e1">
         <name>Display_DrawVerticalLine</name>
         <value>0x237</value>
         <object_component_ref idref="oc-c2"/>
      </symbol>
      <symbol id="sm-e2">
         <name>Display_Backlight</name>
         <value>0x1e3</value>
         <object_component_ref idref="oc-c2"/>
      </symbol>
      <symbol id="sm-e3">
         <name>Display_SetRotation</name>
         <value>0x3b1</value>
         <object_component_ref idref="oc-c2"/>
      </symbol>
      <symbol id="sm-e4">
         <name>Display_DrawPixel</name>
         <value>0x20b</value>
         <object_component_ref idref="oc-c2"/>
      </symbol>
      <symbol id="sm-e5">
         <name>Display_Init</name>
         <value>0x141</value>
         <object_component_ref idref="oc-c2"/>
      </symbol>
      <symbol id="sm-e6">
         <name>Display_DrawRect</name>
         <value>0x2c3</value>
         <object_component_ref idref="oc-c2"/>
      </symbol>
      <symbol id="sm-e7">
         <name>spiMasterConfig</name>
         <value>0xdd8</value>
         <object_component_ref idref="oc-12a"/>
      </symbol>
      <symbol id="sm-e8">
         <name>Display_SendCommand</name>
         <value>0x509</value>
         <object_component_ref idref="oc-c2"/>
      </symbol>
      <symbol id="sm-f5">
         <name>main</name>
         <value>0xc15</value>
         <object_component_ref idref="oc-8c"/>
      </symbol>
      <symbol id="sm-117">
         <name>interruptVectors</name>
         <value>0x0</value>
         <object_component_ref idref="oc-1f"/>
      </symbol>
      <symbol id="sm-15e">
         <name>SystemInit</name>
         <value>0x881</value>
         <object_component_ref idref="oc-9e"/>
      </symbol>
      <symbol id="sm-15f">
         <name>SystemCoreClockUpdate</name>
         <value>0x60d</value>
         <object_component_ref idref="oc-9e"/>
      </symbol>
      <symbol id="sm-160">
         <name>SystemCoreClock</name>
         <value>0x20000010</value>
         <object_component_ref idref="oc-10c"/>
      </symbol>
      <symbol id="sm-1b3">
         <name>CS_startHFXT</name>
         <value>0xd61</value>
         <object_component_ref idref="oc-122"/>
      </symbol>
      <symbol id="sm-1b4">
         <name>CS_setExternalClockSourceFrequency</name>
         <value>0xced</value>
         <object_component_ref idref="oc-11c"/>
      </symbol>
      <symbol id="sm-1b5">
         <name>CS_startHFXTWithTimeout</name>
         <value>0xa05</value>
         <object_component_ref idref="oc-176"/>
      </symbol>
      <symbol id="sm-1d9">
         <name>SysCtl_getNMISourceStatus</name>
         <value>0xd55</value>
         <object_component_ref idref="oc-1bf"/>
      </symbol>
      <symbol id="sm-1da">
         <name>SysCtl_enableNMISource</name>
         <value>0xd35</value>
         <object_component_ref idref="oc-1d1"/>
      </symbol>
      <symbol id="sm-1db">
         <name>SysCtl_disableNMISource</name>
         <value>0xd25</value>
         <object_component_ref idref="oc-1c5"/>
      </symbol>
      <symbol id="sm-1f9">
         <name>__TI_zero_init_nomemset</name>
         <value>0xd01</value>
         <object_component_ref idref="oc-3c"/>
      </symbol>
      <symbol id="sm-210">
         <name>__TI_decompress_none</name>
         <value>0xd45</value>
         <object_component_ref idref="oc-16"/>
      </symbol>
      <symbol id="sm-233">
         <name>__TI_decompress_lzss</name>
         <value>0xbad</value>
         <object_component_ref idref="oc-10"/>
      </symbol>
      <symbol id="sm-246">
         <name>__stack</name>
         <value>0x2000fe00</value>
         <object_component_ref idref="oc-22"/>
      </symbol>
      <symbol id="sm-247">
         <name>_c_int00_noargs</name>
         <value>0xcb5</value>
         <object_component_ref idref="oc-4e"/>
      </symbol>
      <symbol id="sm-252">
         <name>C$$EXIT</name>
         <value>0xd6b</value>
         <object_component_ref idref="oc-ce"/>
      </symbol>
      <symbol id="sm-253">
         <name>abort</name>
         <value>0xd6b</value>
         <object_component_ref idref="oc-ce"/>
      </symbol>
      <symbol id="sm-270">
         <name>memcpy</name>
         <value>0xaa1</value>
         <object_component_ref idref="oc-30"/>
      </symbol>
      <symbol id="sm-271">
         <name>__aeabi_memcpy</name>
         <value>0xaa1</value>
         <object_component_ref idref="oc-30"/>
      </symbol>
      <symbol id="sm-272">
         <name>__aeabi_memcpy8</name>
         <value>0xaa1</value>
         <object_component_ref idref="oc-30"/>
      </symbol>
      <symbol id="sm-273">
         <name>__aeabi_memcpy4</name>
         <value>0xaa1</value>
         <object_component_ref idref="oc-30"/>
      </symbol>
      <symbol id="sm-29c">
         <name>__TI_auto_init_nobinit_nopinit</name>
         <value>0xc71</value>
         <object_component_ref idref="oc-da"/>
      </symbol>
      <symbol id="sm-2a6">
         <name>_system_pre_init</name>
         <value>0xd67</value>
         <object_component_ref idref="oc-86"/>
      </symbol>
      <symbol id="sm-2a8">
         <name>__TI_static_base__</name>
         <value>0x0</value>
      </symbol>
      <symbol id="sm-2ab">
         <name>__mpu_init</name>
         <value>0x0</value>
      </symbol>
      <symbol id="sm-2ac">
         <name>_system_post_cinit</name>
         <value>0x0</value>
      </symbol>
   </symbol_table>
   <title>Link successful</title>
</link_info>
